==================================================================
  MINI STA ENGINE  —  Timing Report
==================================================================
  Generated   : 2026-06-02 23:33:18
  Design      : full_adder_carry
  Clock period: 150.0 ps
------------------------------------------------------------------

  [1] TIMING SUMMARY

      WNS (Worst Negative Slack) : +69.0 ps
      TNS (Total Negative Slack) : +0.0 ps
      Violating endpoints        : 0
      Total endpoints analyzed   : 8

      ✓  ALL TIMING CONSTRAINTS MET

------------------------------------------------------------------

  [2] CRITICAL PATH TRACE

      Node                       Arrival (ps)   Required (ps)       Slack
      ------------------------ --------------  --------------  ----------
      B                                   0.0            69.0       +69.0
      AND_t01                            25.0            94.0       +69.0
      OR_final4                          53.0           122.0       +69.0
      CARRY                              81.0           150.0       +69.0

      Path delay : 81.0 ps

------------------------------------------------------------------

  [3] ENDPOINT SLACK REPORT

      Endpoint                        Arrival      Required       Slack
      -------------------------- ------------  ------------  ----------
      A                                   0.0          69.0       +69.0
      B                                   0.0          69.0       +69.0
      Cin                                 0.0          69.0       +69.0
      CARRY                              81.0         150.0       +69.0
      AND_t01                            25.0          94.0       +69.0
      AND_t12                            25.0          94.0       +69.0
      OR_final4                          53.0         122.0       +69.0
      AND_t23                            25.0         122.0       +97.0

==================================================================
