==================================================================
  MINI STA ENGINE  —  Timing Report
==================================================================
  Generated   : 2026-06-02 23:32:16
  Design      : full_adder_sum
  Clock period: 200.0 ps
------------------------------------------------------------------

  [1] TIMING SUMMARY

      WNS (Worst Negative Slack) : +79.0 ps
      TNS (Total Negative Slack) : +0.0 ps
      Violating endpoints        : 0
      Total endpoints analyzed   : 20

      ✓  ALL TIMING CONSTRAINTS MET

------------------------------------------------------------------

  [2] CRITICAL PATH TRACE

      Node                       Arrival (ps)   Required (ps)       Slack
      ------------------------ --------------  --------------  ----------
      A                                   0.0            79.0       +79.0
      inv1                               15.0            94.0       +79.0
      AND_t03                            40.0           119.0       +79.0
      AND_t04                            65.0           144.0       +79.0
      OR_final15                         93.0           172.0       +79.0
      SUM                               121.0           200.0       +79.0

      Path delay : 121.0 ps

------------------------------------------------------------------

  [3] ENDPOINT SLACK REPORT

      Endpoint                        Arrival      Required       Slack
      -------------------------- ------------  ------------  ----------
      A                                   0.0          79.0       +79.0
      B                                   0.0          79.0       +79.0
      SUM                               121.0         200.0       +79.0
      AND_t03                            40.0         119.0       +79.0
      AND_t04                            65.0         144.0       +79.0
      AND_t17                            40.0         119.0       +79.0
      AND_t18                            65.0         144.0       +79.0
      AND_t211                           40.0         119.0       +79.0
      AND_t212                           65.0         144.0       +79.0
      OR_final15                         93.0         172.0       +79.0
      OR_final16                         93.0         172.0       +79.0
      inv1                               15.0          94.0       +79.0
      inv2                               15.0          94.0       +79.0
      inv5                               15.0          94.0       +79.0
      inv9                               15.0          94.0       +79.0
      AND_t313                           25.0         119.0       +94.0
      AND_t314                           50.0         144.0       +94.0
      Cin                                 0.0         104.0      +104.0
      inv10                              15.0         119.0      +104.0
      inv6                               15.0         119.0      +104.0

==================================================================
